test input
